GAMS 30.3.0  rc5da09e Released Mar  6, 2020 WEX-WEI x86 64bit/MS Windows - 01/27/22 22:53:55 Page 1
G e n e r a l   A l g e b r a i c   M o d e l i n g   S y s t e m
C o m p i l a t i o n


   1  Sets
   2  all_t       all hours               /1*12/
   3  t(all_t)    hours                   /1*12/
   4  tec         generators              /base, peak, wind, solar/
   5  con(tec)    conventional generation /base, peak/
   6  all_n       all buses               /north, south/
   7  n(all_n)    selected buses          /north, south/
   8  ;
   9   
  10   
  11  alias (n,m);
  12  alias (all_n,all_m);
  13   
  14  * parameters for supply and demand functions
  15  Parameter elasticity / -0.05 /;
  16  Parameter p_ref / 55 /;
  17  Parameter specific_network_costs /200/;
  18  Parameter capacity_slope / 333 /;
  19  *Source for network costs: EMMA (3400 EUR/MW/km discontiert mit i = 0.07 ueber 40 Jahre)
  20   
  21  Table B(all_n,all_m)        Susceptance of transmission lines
  22           north  south
  23  north        1     700
  24  south      700       1
  25  ;
  26   
  27  Parameters
  28  * Input Parameters
  29  i_cost(*,*)                 cost data to be loaded from sheet "cost"
  30  i_load(all_t,all_n)         load data to be loaded from sheet "time series" in MWh
  31  i_avail(all_t,tec,all_n)    availability data
  32   
  33  * Model Parameters
  34  load_ref(t,n)               hourly load in GWh
  35  avail(t,tec,n)              availability of wind and solar generation (1)
  36  c_var(tec,n)                variable costs (EUR per MWh)
  37  c_fix(tec,n)                annualized fixed costs (EUR per MW p.a.)
  38  cap_lim(tec,n)              capacity limit of generation in each node
  39  grid_cost(n,m)
  40  sc                          scaling factor
  41  a_nodal(t,n)                intercept of inverse nodal demand function
  42  s_nodal(t,n)                slope of inverse nodal demand function
  43   
  44  * Output Parameters
  45  welfare
  46  consumer_surplus
  47  generation_costs
  48  network_cost
  49   
  50  load_deviation(t,n)
  51  res_share
  52   
  53  o_RES_share
  54  o_load(t,n)
  55  o_cap(tec,n)
  56  o_gen(t,tec,n)
  57  price(t,n)
  58  ;
  59   
  60  * Load data
GDXIN   C:\Users\a.eicke\Documents\Locational-investment-signals\Two node models\in.gdx
--- LOAD  i_cost = 1:i_cost
  63   
GDXIN   C:\Users\a.eicke\Documents\Locational-investment-signals\Two node models\load.gdx
--- LOAD  i_load = 1:i_load
  66   
GDXIN   C:\Users\a.eicke\Documents\Locational-investment-signals\Two node models\avail.gdx
--- LOAD  i_avail = 1:i_avail
  69   
  70   
  71  * Data assignment
  72  sc = card(t) / 8760;
  73  load_ref(t,n)               = i_load(t,n) / 1000;
  74  avail(t,tec,n)              = i_avail(t,tec,n);
  75  avail(t,con,n)              = 1;
  76  c_var(tec, n)               = i_cost(tec,"cost_var");
  77  c_fix(tec, n)               = round(i_cost(tec,"cost_fix") * 1000 * sc);
  78  cap_lim(tec,n)              = 100;
  79  grid_cost(n,m)              = round(B(n,m) * specific_network_costs * sc);
  80  capacity_slope              = capacity_slope * sc;
  81   
  82  a_nodal(t,n)                = p_ref *(1-1/elasticity);
  83  s_nodal(t,n)                = p_ref *(1/(elasticity*load_ref(t,n)));
  84   
  85  display sc, c_var, load_ref, avail, c_fix, a_nodal, s_nodal;
  86   
  87  Free variables
  88  LAMBDA(t)
  89  WF
  90  FLOW(t,n,m)
  91  THETA(t,n)
  92   
  93  ;
  94   
  95  Positive variables
  96  LOAD_real(t,n)
  97  GRID_CAP(n,m)
  98  GEN(t,tec,n)
  99  CAP(tec,n)
 100  ;
 101   
 102  Equations
 103  objective, cap_constraint, cap_limit,
 104   
 105  nodal_energy_balance,
 106  grid_eq1, grid_eq2, grid_eq3, grid_eq4;
 107   
 108  * sum((t,n), p_ref * LOAD_real(t,n) * (1-1/elasticity + LOAD_real(t,n) / (2*elasticity* load_ref(t,n))))
 109  objective..                 WF =e= sum((t,n), a_nodal(t,n) * LOAD_real(t,n) + 1/2 * s_nodal(t,n) * LOAD_real(t,n) * LOAD_real(t,n))
 110                                      - sum((tec,n), CAP(tec,n) * c_fix(tec,n) + 0.5 * CAP(tec,n) * CAP(tec,n) * capacity_slope)
 111                                      - sum((t,tec,n), GEN(t,tec,n) * c_var(tec,n))
 112                                      - sum((n,m),(GRID_CAP(n,m) * grid_cost(n,m)) / 2);
 113   
 114  cap_constraint(t,tec,n)..   GEN(t,tec,n)    =L= CAP(tec,n) * avail(t,tec,n);
 115  cap_limit(tec,n)..          CAP(tec,n)      =L= cap_lim(tec,n);
 116   
 117  *nodal energy balance
 118  nodal_energy_balance(t,n).. sum(tec,GEN(t,tec,n)) - LOAD_real(t,n) =E= sum(m,FLOW(t,n,m));
 119   
 120  *network constraints
 121  grid_eq1(t,n,m)..           FLOW(t,n,m)     =l= GRID_CAP(n,m);
 122  grid_eq2(n,m)..             GRID_CAP(n,m)   =e= GRID_CAP(m,n);
 123  grid_eq3(t,n,m)..           FLOW(t,n,m)     =e= B(n,m) * (THETA(t,n) - THETA(t,m));
 124  grid_eq4(t,n)..             THETA(t,'south') =e= 0;
 125   
 126   
 127  Model nodal /
 128  objective
 129   
 130  cap_constraint
 131  cap_limit
 132   
 133  nodal_energy_balance
 134   
 135  grid_eq1
 136  grid_eq2
 137  grid_eq3
 138  grid_eq4
 139  /;
 140   
 141  * Set starting point
 142  LOAD_real.L(t,n) =load_ref(t,n);
 143   
 144  Option optcr = 0.0001;
 145  Solve nodal using QCP max WF;
 146   
 147  price(t,n) = p_ref * (1-1/elasticity + (LOAD_real.L(t,n)) / (elasticity * load_ref(t,n)));
 148   
 149  network_cost = sum((n,m),(GRID_CAP.L(n,m) * grid_cost(n,m)) / 2);
 150  consumer_surplus = sum((t,n), a_nodal(t,n) * LOAD_real.L(t,n) + 1/2 * s_nodal(t,n) * LOAD_real.L(t,n) * LOAD_real.L(t,n));
 151   
 152  generation_costs = (sum((tec,n), CAP.L(tec,n) * c_fix(tec,n) + 0.5 * CAP.L(tec,n) * CAP.L(tec,n) * capacity_slope) + sum((t,tec,n), GEN.L(t,tec,n) * c_var(tec,n)));
 153   
 154  load_deviation(t,n) =  LOAD_real.L(t,n) - load_ref(t,n);
 155  res_share = 1 - sum((t,con,n), GEN.L(t,con,n)) / sum((t,tec,n), GEN.L(t,tec,n));
 156  o_cap(tec,n) = CAP.L(tec,n);
 157  o_gen(t,tec,n) = GEN.L(t,tec,n);
 158  welfare = WF.L;
 159   
 160  Display WF.L, consumer_surplus, generation_costs, network_cost, CAP.L, GEN.L,  price, load_deviation,  GRID_CAP.L, FLOW.L;
 161   
 162  execute_UNLOAD 'Output/nodal.gdx' welfare, consumer_surplus, generation_costs, network_cost, o_gen, o_cap, price, c_fix;
GAMS 30.3.0  rc5da09e Released Mar  6, 2020 WEX-WEI x86 64bit/MS Windows - 01/27/22 22:53:55 Page 2
G e n e r a l   A l g e b r a i c   M o d e l i n g   S y s t e m
Include File Summary


   SEQ   GLOBAL TYPE      PARENT   LOCAL  FILENAME

     1        1 INPUT          0       0  C:\Users\a.eicke\Documents\Locational-investment-signals\Two node models\nodal.gms
     2       61 GDXIN          1      61  C:\Users\a.eicke\Documents\Locational-investment-signals\Two node models\in.gdx
     3       64 GDXIN          1      64  C:\Users\a.eicke\Documents\Locational-investment-signals\Two node models\load.gdx
     4       67 GDXIN          1      67  C:\Users\a.eicke\Documents\Locational-investment-signals\Two node models\avail.gdx


COMPILATION TIME     =        0.000 SECONDS      3 MB  30.3.0 rc5da09e WEX-WEI
GAMS 30.3.0  rc5da09e Released Mar  6, 2020 WEX-WEI x86 64bit/MS Windows - 01/27/22 22:53:55 Page 3
G e n e r a l   A l g e b r a i c   M o d e l i n g   S y s t e m
E x e c u t i o n


----     85 PARAMETER sc                   =        0.001  scaling factor

----     85 PARAMETER c_var  variable costs (EUR per MWh)

           north       south

base      40.000      40.000
peak      70.000      70.000


----     85 PARAMETER load_ref  hourly load in GWh

         north       south

1        7.980      36.460
2        4.280      40.860
3        3.820      48.270
4       30.240      29.110
5       22.380      40.160
6       42.550      20.490
7       40.210      20.440
8        8.520      50.860
9       33.800      27.070
10      17.510      40.550
11       1.680      50.590
12      11.750      35.880


----     85 PARAMETER avail  availability of wind and solar generation (1)

               north       south

1 .base        1.000       1.000
1 .peak        1.000       1.000
1 .wind        0.430       0.310
2 .base        1.000       1.000
2 .peak        1.000       1.000
2 .wind        0.240       0.160
2 .solar       0.200       0.080
3 .base        1.000       1.000
3 .peak        1.000       1.000
3 .wind        0.200       0.100
3 .solar       0.360       0.300
4 .base        1.000       1.000
4 .peak        1.000       1.000
4 .wind        0.200       0.150
4 .solar       0.180       0.100
5 .base        1.000       1.000
5 .peak        1.000       1.000
5 .wind        0.120       0.130
6 .base        1.000       1.000
6 .peak        1.000       1.000
6 .wind        0.060       0.080
7 .base        1.000       1.000
7 .peak        1.000       1.000
7 .wind        0.110       0.080
7 .solar       0.020       0.020
8 .base        1.000       1.000
8 .peak        1.000       1.000
8 .wind        0.170       0.160
8 .solar       0.190       0.300
9 .base        1.000       1.000
9 .peak        1.000       1.000
9 .wind        0.240       0.240
9 .solar       0.320       0.440
10.base        1.000       1.000
10.peak        1.000       1.000
10.wind        0.290       0.320
10.solar       0.110       0.260
11.base        1.000       1.000
11.peak        1.000       1.000
11.wind        0.220       0.200
12.base        1.000       1.000
12.peak        1.000       1.000
12.wind        0.180       0.130


----     85 PARAMETER c_fix  annualized fixed costs (EUR per MW p.a.)

            north       south

base      411.000     411.000
peak      151.000     151.000
wind      137.000     137.000
solar      82.000      82.000


----     85 PARAMETER a_nodal  intercept of inverse nodal demand function

         north       south

1     1155.000    1155.000
2     1155.000    1155.000
3     1155.000    1155.000
4     1155.000    1155.000
5     1155.000    1155.000
6     1155.000    1155.000
7     1155.000    1155.000
8     1155.000    1155.000
9     1155.000    1155.000
10    1155.000    1155.000
11    1155.000    1155.000
12    1155.000    1155.000


----     85 PARAMETER s_nodal  slope of inverse nodal demand function

         north       south

1     -137.845     -30.170
2     -257.009     -26.921
3     -287.958     -22.788
4      -36.376     -37.788
5      -49.151     -27.390
6      -25.852     -53.685
7      -27.356     -53.816
8     -129.108     -21.628
9      -32.544     -40.635
10     -62.821     -27.127
11    -654.762     -21.743
12     -93.617     -30.658

GAMS 30.3.0  rc5da09e Released Mar  6, 2020 WEX-WEI x86 64bit/MS Windows - 01/27/22 22:53:55 Page 4
G e n e r a l   A l g e b r a i c   M o d e l i n g   S y s t e m
Equation Listing    SOLVE nodal Using QCP From line 145


---- objective  =E=  

objective..  WF - (55)*LOAD_real(1,north) - (55)*LOAD_real(1,south) - (55.0000000000002)*LOAD_real(2,north) - (55.0000000000002)*LOAD_real(2,south) - (55)*LOAD_real(3,north) - (55.0000000000002)*LOAD_real(3,south) - (55)*LOAD_real(4,north)
     
      - (55)*LOAD_real(4,south) - (55)*LOAD_real(5,north) - (55.0000000000002)*LOAD_real(5,south) - (55.0000000000002)*LOAD_real(6,north) - (55)*LOAD_real(6,south) - (55)*LOAD_real(7,north) - (55)*LOAD_real(7,south) - (55)*LOAD_real(8,north)
     
      - (55)*LOAD_real(8,south) - (55)*LOAD_real(9,north) - (55.0000000000002)*LOAD_real(9,south) - (55.0000000000002)*LOAD_real(10,north) - (55)*LOAD_real(10,south) - (55.0000000000002)*LOAD_real(11,north) - (55.0000000000002)*LOAD_real(11,south)
     
      - (55)*LOAD_real(12,north) - (55.0000000000002)*LOAD_real(12,south) + 96*GRID_CAP(north,south) + 96*GRID_CAP(south,north) + 40*GEN(1,base,north) + 40*GEN(1,base,south) + 70*GEN(1,peak,north) + 70*GEN(1,peak,south) + 40*GEN(2,base,north)
     
      + 40*GEN(2,base,south) + 70*GEN(2,peak,north) + 70*GEN(2,peak,south) + 40*GEN(3,base,north) + 40*GEN(3,base,south) + 70*GEN(3,peak,north) + 70*GEN(3,peak,south) + 40*GEN(4,base,north) + 40*GEN(4,base,south) + 70*GEN(4,peak,north)
     
      + 70*GEN(4,peak,south) + 40*GEN(5,base,north) + 40*GEN(5,base,south) + 70*GEN(5,peak,north) + 70*GEN(5,peak,south) + 40*GEN(6,base,north) + 40*GEN(6,base,south) + 70*GEN(6,peak,north) + 70*GEN(6,peak,south) + 40*GEN(7,base,north)
     
      + 40*GEN(7,base,south) + 70*GEN(7,peak,north) + 70*GEN(7,peak,south) + 40*GEN(8,base,north) + 40*GEN(8,base,south) + 70*GEN(8,peak,north) + 70*GEN(8,peak,south) + 40*GEN(9,base,north) + 40*GEN(9,base,south) + 70*GEN(9,peak,north)
     
      + 70*GEN(9,peak,south) + 40*GEN(10,base,north) + 40*GEN(10,base,south) + 70*GEN(10,peak,north) + 70*GEN(10,peak,south) + 40*GEN(11,base,north) + 40*GEN(11,base,south) + 70*GEN(11,peak,north) + 70*GEN(11,peak,south) + 40*GEN(12,base,north)
     
      + 40*GEN(12,base,south) + 70*GEN(12,peak,north) + 70*GEN(12,peak,south) + (411)*CAP(base,north) + (411)*CAP(base,south) + (151)*CAP(peak,north) + (151)*CAP(peak,south) + (137)*CAP(wind,north) + (137)*CAP(wind,south) + (82)*CAP(solar,north)
     
      + (82)*CAP(solar,south) =E= 0 ; (LHS = -402603.3, INFES = 402603.3 ****)
     

---- cap_constraint  =L=  

cap_constraint(1,base,north)..  GEN(1,base,north) - CAP(base,north) =L= 0 ; (LHS = 0)
     
cap_constraint(1,base,south)..  GEN(1,base,south) - CAP(base,south) =L= 0 ; (LHS = 0)
     
cap_constraint(1,peak,north)..  GEN(1,peak,north) - CAP(peak,north) =L= 0 ; (LHS = 0)
     
REMAINING 93 ENTRIES SKIPPED


---- cap_limit  =L=  

cap_limit(base,north)..  CAP(base,north) =L= 100 ; (LHS = 0)
     
cap_limit(base,south)..  CAP(base,south) =L= 100 ; (LHS = 0)
     
cap_limit(peak,north)..  CAP(peak,north) =L= 100 ; (LHS = 0)
     
REMAINING 5 ENTRIES SKIPPED


---- nodal_energy_balance  =E=  

nodal_energy_balance(1,north)..  - FLOW(1,north,north) - FLOW(1,north,south) - LOAD_real(1,north) + GEN(1,base,north) + GEN(1,peak,north) + GEN(1,wind,north) + GEN(1,solar,north) =E= 0 ; (LHS = -7.98, INFES = 7.98 ****)
     
nodal_energy_balance(1,south)..  - FLOW(1,south,north) - FLOW(1,south,south) - LOAD_real(1,south) + GEN(1,base,south) + GEN(1,peak,south) + GEN(1,wind,south) + GEN(1,solar,south) =E= 0 ; (LHS = -36.46, INFES = 36.46 ****)
     
nodal_energy_balance(2,north)..  - FLOW(2,north,north) - FLOW(2,north,south) - LOAD_real(2,north) + GEN(2,base,north) + GEN(2,peak,north) + GEN(2,wind,north) + GEN(2,solar,north) =E= 0 ; (LHS = -4.28, INFES = 4.28 ****)
     
REMAINING 21 ENTRIES SKIPPED


---- grid_eq1  =L=  

grid_eq1(1,north,north)..  FLOW(1,north,north) - GRID_CAP(north,north) =L= 0 ; (LHS = 0)
     
grid_eq1(1,north,south)..  FLOW(1,north,south) - GRID_CAP(north,south) =L= 0 ; (LHS = 0)
     
grid_eq1(1,south,north)..  FLOW(1,south,north) - GRID_CAP(south,north) =L= 0 ; (LHS = 0)
     
REMAINING 45 ENTRIES SKIPPED


---- grid_eq2  =E=  

grid_eq2(north,south)..  GRID_CAP(north,south) - GRID_CAP(south,north) =E= 0 ; (LHS = 0)
     
grid_eq2(south,north)..  - GRID_CAP(north,south) + GRID_CAP(south,north) =E= 0 ; (LHS = 0)
     

---- grid_eq3  =E=  

grid_eq3(1,north,north)..  FLOW(1,north,north) =E= 0 ; (LHS = 0)
     
grid_eq3(1,north,south)..  FLOW(1,north,south) - 700*THETA(1,north) + 700*THETA(1,south) =E= 0 ; (LHS = 0)
     
grid_eq3(1,south,north)..  FLOW(1,south,north) + 700*THETA(1,north) - 700*THETA(1,south) =E= 0 ; (LHS = 0)
     
REMAINING 45 ENTRIES SKIPPED


---- grid_eq4  =E=  

grid_eq4(1,north)..  THETA(1,south) =E= 0 ; (LHS = 0)
     
grid_eq4(1,south)..  THETA(1,south) =E= 0 ; (LHS = 0)
     
grid_eq4(2,north)..  THETA(2,south) =E= 0 ; (LHS = 0)
     
REMAINING 21 ENTRIES SKIPPED

GAMS 30.3.0  rc5da09e Released Mar  6, 2020 WEX-WEI x86 64bit/MS Windows - 01/27/22 22:53:55 Page 5
G e n e r a l   A l g e b r a i c   M o d e l i n g   S y s t e m
Column Listing      SOLVE nodal Using QCP From line 145


---- WF  

WF
                (.LO, .L, .UP, .M = -INF, 0, +INF, 0)
        1       objective


---- FLOW  

FLOW(1,north,north)
                (.LO, .L, .UP, .M = -INF, 0, +INF, 0)
       -1       nodal_energy_balance(1,north)
        1       grid_eq1(1,north,north)
        1       grid_eq3(1,north,north)

FLOW(1,north,south)
                (.LO, .L, .UP, .M = -INF, 0, +INF, 0)
       -1       nodal_energy_balance(1,north)
        1       grid_eq1(1,north,south)
        1       grid_eq3(1,north,south)

FLOW(1,south,north)
                (.LO, .L, .UP, .M = -INF, 0, +INF, 0)
       -1       nodal_energy_balance(1,south)
        1       grid_eq1(1,south,north)
        1       grid_eq3(1,south,north)

REMAINING 45 ENTRIES SKIPPED

---- THETA  

THETA(1,north)
                (.LO, .L, .UP, .M = -INF, 0, +INF, 0)
     -700       grid_eq3(1,north,south)
      700       grid_eq3(1,south,north)

THETA(1,south)
                (.LO, .L, .UP, .M = -INF, 0, +INF, 0)
      700       grid_eq3(1,north,south)
     -700       grid_eq3(1,south,north)
        1       grid_eq4(1,north)
        1       grid_eq4(1,south)

THETA(2,north)
                (.LO, .L, .UP, .M = -INF, 0, +INF, 0)
     -700       grid_eq3(2,north,south)
      700       grid_eq3(2,south,north)

REMAINING 21 ENTRIES SKIPPED

---- LOAD_real  

LOAD_real(1,north)
                (.LO, .L, .UP, .M = 0, 7.98, +INF, 0)
     (-55)      objective
       -1       nodal_energy_balance(1,north)

LOAD_real(1,south)
                (.LO, .L, .UP, .M = 0, 36.46, +INF, 0)
     (-55)      objective
       -1       nodal_energy_balance(1,south)

LOAD_real(2,north)
                (.LO, .L, .UP, .M = 0, 4.28, +INF, 0)
     (-55)      objective
       -1       nodal_energy_balance(2,north)

REMAINING 21 ENTRIES SKIPPED

---- GRID_CAP  

GRID_CAP(north,north)
                (.LO, .L, .UP, .M = 0, 0, +INF, 0)
       -1       grid_eq1(1,north,north)
       -1       grid_eq1(2,north,north)
       -1       grid_eq1(3,north,north)
       -1       grid_eq1(4,north,north)
       -1       grid_eq1(5,north,north)
       -1       grid_eq1(6,north,north)
       -1       grid_eq1(7,north,north)
       -1       grid_eq1(8,north,north)
       -1       grid_eq1(9,north,north)
       -1       grid_eq1(10,north,north)
       -1       grid_eq1(11,north,north)
       -1       grid_eq1(12,north,north)

GRID_CAP(north,south)
                (.LO, .L, .UP, .M = 0, 0, +INF, 0)
       96       objective
       -1       grid_eq1(1,north,south)
       -1       grid_eq1(2,north,south)
       -1       grid_eq1(3,north,south)
       -1       grid_eq1(4,north,south)
       -1       grid_eq1(5,north,south)
       -1       grid_eq1(6,north,south)
       -1       grid_eq1(7,north,south)
       -1       grid_eq1(8,north,south)
       -1       grid_eq1(9,north,south)
       -1       grid_eq1(10,north,south)
       -1       grid_eq1(11,north,south)
       -1       grid_eq1(12,north,south)
        1       grid_eq2(north,south)
       -1       grid_eq2(south,north)

GRID_CAP(south,north)
                (.LO, .L, .UP, .M = 0, 0, +INF, 0)
       96       objective
       -1       grid_eq1(1,south,north)
       -1       grid_eq1(2,south,north)
       -1       grid_eq1(3,south,north)
       -1       grid_eq1(4,south,north)
       -1       grid_eq1(5,south,north)
       -1       grid_eq1(6,south,north)
       -1       grid_eq1(7,south,north)
       -1       grid_eq1(8,south,north)
       -1       grid_eq1(9,south,north)
       -1       grid_eq1(10,south,north)
       -1       grid_eq1(11,south,north)
       -1       grid_eq1(12,south,north)
       -1       grid_eq2(north,south)
        1       grid_eq2(south,north)

REMAINING ENTRY SKIPPED

---- GEN  

GEN(1,base,north)
                (.LO, .L, .UP, .M = 0, 0, +INF, 0)
       40       objective
        1       cap_constraint(1,base,north)
        1       nodal_energy_balance(1,north)

GEN(1,base,south)
                (.LO, .L, .UP, .M = 0, 0, +INF, 0)
       40       objective
        1       cap_constraint(1,base,south)
        1       nodal_energy_balance(1,south)

GEN(1,peak,north)
                (.LO, .L, .UP, .M = 0, 0, +INF, 0)
       70       objective
        1       cap_constraint(1,peak,north)
        1       nodal_energy_balance(1,north)

REMAINING 93 ENTRIES SKIPPED

---- CAP  

CAP(base,north)
                (.LO, .L, .UP, .M = 0, 0, +INF, 0)
     (411)      objective
       -1       cap_constraint(1,base,north)
       -1       cap_constraint(2,base,north)
       -1       cap_constraint(3,base,north)
       -1       cap_constraint(4,base,north)
       -1       cap_constraint(5,base,north)
       -1       cap_constraint(6,base,north)
       -1       cap_constraint(7,base,north)
       -1       cap_constraint(8,base,north)
       -1       cap_constraint(9,base,north)
       -1       cap_constraint(10,base,north)
       -1       cap_constraint(11,base,north)
       -1       cap_constraint(12,base,north)
        1       cap_limit(base,north)

CAP(base,south)
                (.LO, .L, .UP, .M = 0, 0, +INF, 0)
     (411)      objective
       -1       cap_constraint(1,base,south)
       -1       cap_constraint(2,base,south)
       -1       cap_constraint(3,base,south)
       -1       cap_constraint(4,base,south)
       -1       cap_constraint(5,base,south)
       -1       cap_constraint(6,base,south)
       -1       cap_constraint(7,base,south)
       -1       cap_constraint(8,base,south)
       -1       cap_constraint(9,base,south)
       -1       cap_constraint(10,base,south)
       -1       cap_constraint(11,base,south)
       -1       cap_constraint(12,base,south)
        1       cap_limit(base,south)

CAP(peak,north)
                (.LO, .L, .UP, .M = 0, 0, +INF, 0)
     (151)      objective
       -1       cap_constraint(1,peak,north)
       -1       cap_constraint(2,peak,north)
       -1       cap_constraint(3,peak,north)
       -1       cap_constraint(4,peak,north)
       -1       cap_constraint(5,peak,north)
       -1       cap_constraint(6,peak,north)
       -1       cap_constraint(7,peak,north)
       -1       cap_constraint(8,peak,north)
       -1       cap_constraint(9,peak,north)
       -1       cap_constraint(10,peak,north)
       -1       cap_constraint(11,peak,north)
       -1       cap_constraint(12,peak,north)
        1       cap_limit(peak,north)

REMAINING 5 ENTRIES SKIPPED
GAMS 30.3.0  rc5da09e Released Mar  6, 2020 WEX-WEI x86 64bit/MS Windows - 01/27/22 22:53:55 Page 6
G e n e r a l   A l g e b r a i c   M o d e l i n g   S y s t e m
Model Statistics    SOLVE nodal Using QCP From line 145


MODEL STATISTICS

BLOCKS OF EQUATIONS           8     SINGLE EQUATIONS          251
BLOCKS OF VARIABLES           7     SINGLE VARIABLES          205
NON ZERO ELEMENTS           661     NON LINEAR N-Z             32
DERIVATIVE POOL              20     CONSTANT POOL              46
CODE LENGTH                 202


GENERATION TIME      =        0.016 SECONDS      4 MB  30.3.0 rc5da09e WEX-WEI


EXECUTION TIME       =        0.016 SECONDS      4 MB  30.3.0 rc5da09e WEX-WEI
GAMS 30.3.0  rc5da09e Released Mar  6, 2020 WEX-WEI x86 64bit/MS Windows - 01/27/22 22:53:55 Page 7
G e n e r a l   A l g e b r a i c   M o d e l i n g   S y s t e m
Solution Report     SOLVE nodal Using QCP From line 145


               S O L V E      S U M M A R Y

     MODEL   nodal               OBJECTIVE  WF
     TYPE    QCP                 DIRECTION  MAXIMIZE
     SOLVER  CONOPT              FROM LINE  145

**** SOLVER STATUS     1 Normal Completion         
**** MODEL STATUS      2 Locally Optimal           
**** OBJECTIVE VALUE           349407.9542

 RESOURCE USAGE, LIMIT          0.016      1000.000
 ITERATION COUNT, LIMIT        51    2000000000
 EVALUATION ERRORS              0             0
CONOPT 3         30.3.0 rc5da09e Released Mar 06, 2020 WEI x86 64bit/MS Window
*** This solver runs with a community license.
 
 
    C O N O P T 3   version 3.17K
    Copyright (C)   ARKI Consulting and Development A/S
                    Bagsvaerdvej 246 A
                    DK-2880 Bagsvaerd, Denmark
 
 
    The model has 205 variables and 251 constraints
    with 661 Jacobian elements, 32 of which are nonlinear.
    The Hessian of the Lagrangian has 32 elements on the diagonal,
    0 elements below the diagonal, and 32 nonlinear variables.
 
                   Pre-triangular equations:   48
                   Post-triangular equations:  25
                   Definitional equations:     24
 
 
 ** Optimal solution. Reduced gradient less than tolerance.
 
 
 CONOPT time Total                            0.009 seconds
   of which: Function evaluations             0.000 =  0.0%
             1st Derivative evaluations       0.000 =  0.0%
             2nd Derivative evaluations       0.001 = 11.1%
             Directional 2nd Derivative       0.000 =  0.0%
 

                           LOWER          LEVEL          UPPER         MARGINAL

---- EQU objective           .              .              .             1.0000      

---- EQU cap_constraint  

                      LOWER          LEVEL          UPPER         MARGINAL

1 .base .north        -INF           -1.7246          .             EPS         
1 .base .south        -INF           -8.7673          .             EPS         
1 .peak .north        -INF          -16.1519          .             EPS         
1 .peak .south        -INF           -3.2742          .              .          
1 .wind .north        -INF             .              .            40.0000      
1 .wind .south        -INF             .              .            40.0000      
1 .solar.north        -INF             .              .            40.0000      
1 .solar.south        -INF             .              .            40.0000      
2 .base .north        -INF             .              .             EPS         
2 .base .south        -INF           -2.9864          .             EPS         
2 .peak .north        -INF          -16.1519          .              .          
2 .peak .south        -INF           -3.2742          .              .          
2 .wind .north        -INF             .              .            40.0000      
2 .wind .south        -INF             .              .            40.0000      
2 .solar.north        -INF             .              .            40.0000      
2 .solar.south        -INF             .              .            40.0000      
3 .base .north        -INF             .              .            15.4452      
3 .base .south        -INF             .              .            24.9241      
3 .peak .north        -INF          -16.1519          .              .          
3 .peak .south        -INF           -3.2742          .              .          
3 .wind .north        -INF             .              .            55.4452      
3 .wind .south        -INF             .              .            64.9241      
3 .solar.north        -INF             .              .            55.4452      
3 .solar.south        -INF             .              .            64.9241      
4 .base .north        -INF             .              .            30.0000      
4 .base .south        -INF             .              .            30.0000      
4 .peak .north        -INF           -4.8727          .             EPS         
4 .peak .south        -INF           -3.2742          .              .          
4 .wind .north        -INF             .              .            70.0000      
4 .wind .south        -INF             .              .            70.0000      
4 .solar.north        -INF             .              .            70.0000      
4 .solar.south        -INF             .              .            70.0000      
5 .base .north        -INF             .              .            60.8814      
5 .base .south        -INF             .              .            60.8814      
5 .peak .north        -INF             .              .            30.8814      
5 .peak .south        -INF             .              .            30.8814      
5 .wind .north        -INF             .              .           100.8814      
5 .wind .south        -INF             .              .           100.8814      
5 .solar.north        -INF             .              .           100.8814      
5 .solar.south        -INF             .              .           100.8814      
6 .base .north        -INF             .              .           146.4917      
6 .base .south        -INF             .              .            79.2384      
6 .peak .north        -INF             .              .           116.4917      
6 .peak .south        -INF             .              .            49.2384      
6 .wind .north        -INF             .              .           186.4917      
6 .wind .south        -INF             .              .           119.2384      
6 .solar.north        -INF             .              .           186.4917      
6 .solar.south        -INF             .              .           119.2384      
7 .base .north        -INF             .              .            40.9948      
7 .base .south        -INF             .              .            40.9948      
7 .peak .north        -INF             .              .            10.9948      
7 .peak .south        -INF             .              .            10.9948      
7 .wind .north        -INF             .              .            80.9948      
7 .wind .south        -INF             .              .            80.9948      
7 .solar.north        -INF             .              .            80.9948      
7 .solar.south        -INF             .              .            80.9948      
8 .base .north        -INF             .              .            30.0000      
8 .base .south        -INF             .              .            30.0000      
8 .peak .north        -INF          -11.0721          .              .          
8 .peak .south        -INF             .              .             EPS         
8 .wind .north        -INF             .              .            70.0000      
8 .wind .south        -INF             .              .            70.0000      
8 .solar.north        -INF             .              .            70.0000      
8 .solar.south        -INF             .              .            70.0000      
9 .base .north        -INF             .              .            30.0000      
9 .base .south        -INF             .              .             6.1111      
9 .peak .north        -INF          -13.5390          .             EPS         
9 .peak .south        -INF           -3.2742          .              .          
9 .wind .north        -INF             .              .            70.0000      
9 .wind .south        -INF             .              .            46.1111      
9 .solar.north        -INF             .              .            70.0000      
9 .solar.south        -INF             .              .            46.1111      
10.base .north        -INF             .              .            30.0000      
10.base .south        -INF             .              .            30.0000      
10.peak .north        -INF          -15.8341          .              .          
10.peak .south        -INF           -2.5384          .              .          
10.wind .north        -INF             .              .            70.0000      
10.wind .south        -INF             .              .            70.0000      
10.solar.north        -INF             .              .            70.0000      
10.solar.south        -INF             .              .            70.0000      
11.base .north        -INF           -0.0571          .             EPS         
11.base .south        -INF             .              .            91.3790      
11.peak .north        -INF          -16.1519          .              .          
11.peak .south        -INF             .              .            61.3790      
11.wind .north        -INF             .              .            40.0000      
11.wind .south        -INF             .              .           131.3790      
11.solar.north        -INF             .              .            40.0000      
11.solar.south        -INF             .              .           131.3790      
12.base .north        -INF             .              .            30.0000      
12.base .south        -INF             .              .            30.0000      
12.peak .north        -INF          -14.1591          .              .          
12.peak .south        -INF           -1.0928          .              .          
12.wind .north        -INF             .              .            70.0000      
12.wind .south        -INF             .              .            70.0000      
12.solar.north        -INF             .              .            70.0000      
12.solar.south        -INF             .              .            70.0000      

---- EQU cap_limit  

                   LOWER          LEVEL          UPPER         MARGINAL

base .north        -INF            6.1669       100.0000          .          
base .south        -INF           27.4657       100.0000         EPS         
peak .north        -INF           16.1519       100.0000          .          
peak .south        -INF            3.2742       100.0000          .          
wind .north        -INF           38.3497       100.0000          .          
wind .south        -INF           17.4676       100.0000          .          
solar.north        -INF            7.8484       100.0000          .          
solar.south        -INF           19.2607       100.0000          .          

---- EQU nodal_energy_balance  

                LOWER          LEVEL          UPPER         MARGINAL

1 .north          .              .              .           -40.0000      
1 .south          .              .              .           -40.0000      
2 .north          .              .              .           -40.0000      
2 .south          .              .              .           -40.0000      
3 .north          .              .              .           -55.4452      
3 .south          .              .              .           -64.9241      
4 .north          .              .              .           -70.0000      
4 .south          .              .              .           -70.0000      
5 .north          .              .              .          -100.8814      
5 .south          .              .              .          -100.8814      
6 .north          .              .              .          -186.4917      
6 .south          .              .              .          -119.2384      
7 .north          .              .              .           -80.9948      
7 .south          .              .              .           -80.9948      
8 .north          .              .              .           -70.0000      
8 .south          .              .              .           -70.0000      
9 .north          .              .              .           -70.0000      
9 .south          .              .              .           -46.1111      
10.north          .              .              .           -70.0000      
10.south          .              .              .           -70.0000      
11.north          .              .              .           -40.0000      
11.south          .              .              .          -131.3790      
12.north          .              .              .           -70.0000      
12.south          .              .              .           -70.0000      

---- EQU grid_eq1  

                      LOWER          LEVEL          UPPER         MARGINAL

1 .north.north        -INF             .              .              .          
1 .north.south        -INF             .              .             EPS         
1 .south.north        -INF          -25.6877          .              .          
1 .south.south        -INF             .              .              .          
2 .north.north        -INF             .              .              .          
2 .north.south        -INF           -0.2417          .             EPS         
2 .south.north        -INF          -25.4461          .              .          
2 .south.south        -INF             .              .              .          
3 .north.north        -INF             .              .              .          
3 .north.south        -INF             .              .             9.4789      
3 .south.north        -INF          -25.6877          .              .          
3 .south.south        -INF             .              .              .          
4 .north.north        -INF             .              .              .          
4 .north.south        -INF          -16.1427          .             EPS         
4 .south.north        -INF           -9.5450          .              .          
4 .south.south        -INF             .              .              .          
5 .north.north        -INF             .              .              .          
5 .north.south        -INF           -7.3696          .             EPS         
5 .south.north        -INF          -18.3181          .              .          
5 .south.south        -INF             .              .              .          
6 .north.north        -INF             .              .              .          
6 .north.south        -INF          -25.6877          .              .          
6 .south.north        -INF             .              .            67.2533      
6 .south.south        -INF             .              .              .          
7 .north.north        -INF             .              .              .          
7 .north.south        -INF          -25.4094          .              .          
7 .south.north        -INF           -0.2783          .             EPS         
7 .south.south        -INF             .              .              .          
8 .north.north        -INF             .              .              .          
8 .north.south        -INF           -1.9903          .             EPS         
8 .south.north        -INF          -23.6974          .              .          
8 .south.south        -INF             .              .              .          
9 .north.north        -INF             .              .              .          
9 .north.south        -INF          -25.6877          .             EPS         
9 .south.north        -INF             .              .            23.8889      
9 .south.south        -INF             .              .              .          
10.north.north        -INF             .              .              .          
10.north.south        -INF          -11.6457          .             EPS         
10.south.north        -INF          -14.0420          .              .          
10.south.south        -INF             .              .              .          
11.north.north        -INF             .              .              .          
11.north.south        -INF             .              .            91.3790      
11.south.north        -INF          -25.6877          .              .          
11.south.south        -INF             .              .              .          
12.north.north        -INF             .              .              .          
12.north.south        -INF           -9.3710          .             EPS         
12.south.north        -INF          -16.3168          .              .          
12.south.south        -INF             .              .              .          

---- EQU grid_eq2  

                   LOWER          LEVEL          UPPER         MARGINAL

north.south          .              .              .             4.8579      
south.north          .              .              .              .          

---- EQU grid_eq3  

                      LOWER          LEVEL          UPPER         MARGINAL

1 .north.north          .              .              .           -40.0000      
1 .north.south          .              .              .           -40.0000      
1 .south.north          .              .              .           -40.0000      
1 .south.south          .              .              .           -40.0000      
2 .north.north          .              .              .           -40.0000      
2 .north.south          .              .              .           -40.0000      
2 .south.north          .              .              .           -40.0000      
2 .south.south          .              .              .           -40.0000      
3 .north.north          .              .              .           -55.4452      
3 .north.south          .              .              .           -64.9241      
3 .south.north          .              .              .           -64.9241      
3 .south.south          .              .              .           -64.9241      
4 .north.north          .              .              .           -70.0000      
4 .north.south          .              .              .           -70.0000      
4 .south.north          .              .              .           -70.0000      
4 .south.south          .              .              .           -70.0000      
5 .north.north          .              .              .          -100.8814      
5 .north.south          .              .              .          -100.8814      
5 .south.north          .              .              .          -100.8814      
5 .south.south          .              .              .          -100.8814      
6 .north.north          .              .              .          -186.4917      
6 .north.south          .              .              .          -186.4917      
6 .south.north          .              .              .          -186.4917      
6 .south.south          .              .              .          -119.2384      
7 .north.north          .              .              .           -80.9948      
7 .north.south          .              .              .           -80.9948      
7 .south.north          .              .              .           -80.9948      
7 .south.south          .              .              .           -80.9948      
8 .north.north          .              .              .           -70.0000      
8 .north.south          .              .              .           -70.0000      
8 .south.north          .              .              .           -70.0000      
8 .south.south          .              .              .           -70.0000      
9 .north.north          .              .              .           -70.0000      
9 .north.south          .              .              .           -70.0000      
9 .south.north          .              .              .           -70.0000      
9 .south.south          .              .              .           -46.1111      
10.north.north          .              .              .           -70.0000      
10.north.south          .              .              .           -70.0000      
10.south.north          .              .              .           -70.0000      
10.south.south          .              .              .           -70.0000      
11.north.north          .              .              .           -40.0000      
11.north.south          .              .              .          -131.3790      
11.south.north          .              .              .          -131.3790      
11.south.south          .              .              .          -131.3790      
12.north.north          .              .              .           -70.0000      
12.north.south          .              .              .           -70.0000      
12.south.north          .              .              .           -70.0000      
12.south.south          .              .              .           -70.0000      

---- EQU grid_eq4  

                LOWER          LEVEL          UPPER         MARGINAL

1 .north          .              .              .              .          
1 .south          .              .              .             EPS         
2 .north          .              .              .              .          
2 .south          .              .              .             EPS         
3 .north          .              .              .              .          
3 .south          .              .              .             EPS         
4 .north          .              .              .              .          
4 .south          .              .              .             EPS         
5 .north          .              .              .              .          
5 .south          .              .              .             EPS         
6 .north          .              .              .              .          
6 .south          .              .              .             EPS         
7 .north          .              .              .              .          
7 .south          .              .              .             EPS         
8 .north          .              .              .              .          
8 .south          .              .              .             EPS         
9 .north          .              .              .              .          
9 .south          .              .              .             EPS         
10.north          .              .              .              .          
10.south          .              .              .             EPS         
11.north          .              .              .              .          
11.south          .              .              .             EPS         
12.north          .              .              .              .          
12.south          .              .              .             EPS         

                           LOWER          LEVEL          UPPER         MARGINAL

---- VAR WF                -INF       349407.9542        +INF             .          

---- VAR FLOW  

                      LOWER          LEVEL          UPPER         MARGINAL

1 .north.north        -INF             .            +INF             .          
1 .north.south        -INF           12.8439        +INF             .          
1 .south.north        -INF          -12.8439        +INF             .          
1 .south.south        -INF             .            +INF             .          
2 .north.north        -INF             .            +INF             .          
2 .north.south        -INF           12.6022        +INF             .          
2 .south.north        -INF          -12.6022        +INF             .          
2 .south.south        -INF             .            +INF             .          
3 .north.north        -INF             .            +INF             .          
3 .north.south        -INF           12.8439        +INF             .          
3 .south.north        -INF          -12.8439        +INF             .          
3 .south.south        -INF             .            +INF             .          
4 .north.north        -INF             .            +INF             .          
4 .north.south        -INF           -3.2988        +INF             .          
4 .south.north        -INF            3.2988        +INF             .          
4 .south.south        -INF             .            +INF             .          
5 .north.north        -INF             .            +INF             .          
5 .north.south        -INF            5.4743        +INF             .          
5 .south.north        -INF           -5.4743        +INF             .          
5 .south.south        -INF             .            +INF             .          
6 .north.north        -INF             .            +INF             .          
6 .north.south        -INF          -12.8439        +INF             .          
6 .south.north        -INF           12.8439        +INF             .          
6 .south.south        -INF             .            +INF             .          
7 .north.north        -INF             .            +INF             .          
7 .north.south        -INF          -12.5655        +INF             .          
7 .south.north        -INF           12.5655        +INF             .          
7 .south.south        -INF             .            +INF             .          
8 .north.north        -INF             .            +INF             .          
8 .north.south        -INF           10.8536        +INF             .          
8 .south.north        -INF          -10.8536        +INF             .          
8 .south.south        -INF             .            +INF             .          
9 .north.north        -INF             .            +INF             .          
9 .north.south        -INF          -12.8439        +INF             .          
9 .south.north        -INF           12.8439        +INF             .          
9 .south.south        -INF             .            +INF             .          
10.north.north        -INF             .            +INF             .          
10.north.south        -INF            1.1982        +INF             .          
10.south.north        -INF           -1.1982        +INF             .          
10.south.south        -INF             .            +INF             .          
11.north.north        -INF             .            +INF             .          
11.north.south        -INF           12.8439        +INF             .          
11.south.north        -INF          -12.8439        +INF             .          
11.south.south        -INF             .            +INF             .          
12.north.north        -INF             .            +INF             .          
12.north.south        -INF            3.4729        +INF             .          
12.south.north        -INF           -3.4729        +INF             .          
12.south.south        -INF             .            +INF             .          

---- VAR THETA  

                LOWER          LEVEL          UPPER         MARGINAL

1 .north        -INF            0.0183        +INF             .          
1 .south        -INF             .            +INF             .          
2 .north        -INF            0.0180        +INF             .          
2 .south        -INF             .            +INF             .          
3 .north        -INF            0.0183        +INF             .          
3 .south        -INF             .            +INF             .          
4 .north        -INF           -0.0047        +INF             .          
4 .south        -INF             .            +INF             .          
5 .north        -INF            0.0078        +INF             .          
5 .south        -INF             .            +INF             .          
6 .north        -INF           -0.0183        +INF             .          
6 .south        -INF             .            +INF             .          
7 .north        -INF           -0.0180        +INF             .          
7 .south        -INF             .            +INF             .          
8 .north        -INF            0.0155        +INF             .          
8 .south        -INF             .            +INF             .          
9 .north        -INF           -0.0183        +INF             .          
9 .south        -INF             .            +INF             .          
10.north        -INF            0.0017        +INF             .          
10.south        -INF             .            +INF             .          
11.north        -INF            0.0183        +INF             .          
11.south        -INF             .            +INF             .          
12.north        -INF            0.0050        +INF             .          
12.south        -INF             .            +INF             .          

---- VAR LOAD_real  

                LOWER          LEVEL          UPPER         MARGINAL

1 .north          .             8.0888        +INF             .          
1 .south          .            36.9572        +INF             .          
2 .north          .             4.3384        +INF             .          
2 .south          .            41.4172        +INF             .          
3 .north          .             3.8185        +INF             .          
3 .south          .            47.8345        +INF             .          
4 .north          .            29.8276        +INF             .          
4 .south          .            28.7130        +INF             .          
5 .north          .            21.4465        +INF             .          
5 .south          .            38.4849        +INF             .          
6 .north          .            37.4637        +INF             .          
6 .south          .            19.2934        +INF             .          
7 .north          .            39.2598        +INF             .          
7 .south          .            19.9570        +INF             .          
8 .north          .             8.4038        +INF             .          
8 .south          .            50.1665        +INF             .          
9 .north          .            33.3391        +INF             .          
9 .south          .            27.2887        +INF             .          
10.north          .            17.2712        +INF             .          
10.south          .            39.9970        +INF             .          
11.north          .             1.7029        +INF            EPS         
11.south          .            47.0773        +INF             .          
12.north          .            11.5898        +INF             .          
12.south          .            35.3907        +INF             .          

---- VAR GRID_CAP  

                   LOWER          LEVEL          UPPER         MARGINAL

north.north          .              .            +INF            EPS         
north.south          .            12.8439        +INF             .          
south.north          .            12.8439        +INF             .          
south.south          .              .            +INF            EPS         

---- VAR GEN  

                      LOWER          LEVEL          UPPER         MARGINAL

1 .base .north          .             4.4423        +INF             .          
1 .base .south          .            18.6983        +INF             .          
1 .peak .north          .              .            +INF          -30.0000      
1 .peak .south          .              .            +INF          -30.0000      
1 .wind .north          .            16.4903        +INF             .          
1 .wind .south          .             5.4150        +INF             .          
1 .solar.north          .              .            +INF             .          
1 .solar.south          .              .            +INF             .          
2 .base .north          .             6.1669        +INF             .          
2 .base .south          .            24.4793        +INF             .          
2 .peak .north          .              .            +INF          -30.0000      
2 .peak .south          .              .            +INF          -30.0000      
2 .wind .north          .             9.2039        +INF             .          
2 .wind .south          .             2.7948        +INF             .          
2 .solar.north          .             1.5697        +INF             .          
2 .solar.south          .             1.5409        +INF             .          
3 .base .north          .             6.1669        +INF             .          
3 .base .south          .            27.4657        +INF             .          
3 .peak .north          .              .            +INF          -14.5548      
3 .peak .south          .              .            +INF           -5.0759      
3 .wind .north          .             7.6699        +INF             .          
3 .wind .south          .             1.7468        +INF             .          
3 .solar.north          .             2.8254        +INF             .          
3 .solar.south          .             5.7782        +INF             .          
4 .base .north          .             6.1669        +INF             .          
4 .base .south          .            27.4657        +INF             .          
4 .peak .north          .            11.2792        +INF             .          
4 .peak .south          .              .            +INF            EPS         
4 .wind .north          .             7.6699        +INF             .          
4 .wind .south          .             2.6201        +INF             .          
4 .solar.north          .             1.4127        +INF             .          
4 .solar.south          .             1.9261        +INF             .          
5 .base .north          .             6.1669        +INF             .          
5 .base .south          .            27.4657        +INF             .          
5 .peak .north          .            16.1519        +INF             .          
5 .peak .south          .             3.2742        +INF             .          
5 .wind .north          .             4.6020        +INF             .          
5 .wind .south          .             2.2708        +INF             .          
5 .solar.north          .              .            +INF             .          
5 .solar.south          .              .            +INF             .          
6 .base .north          .             6.1669        +INF             .          
6 .base .south          .            27.4657        +INF             .          
6 .peak .north          .            16.1519        +INF             .          
6 .peak .south          .             3.2742        +INF             .          
6 .wind .north          .             2.3010        +INF             .          
6 .wind .south          .             1.3974        +INF             .          
6 .solar.north          .              .            +INF             .          
6 .solar.south          .              .            +INF             .          
7 .base .north          .             6.1669        +INF             .          
7 .base .south          .            27.4657        +INF             .          
7 .peak .north          .            16.1519        +INF             .          
7 .peak .south          .             3.2742        +INF            EPS         
7 .wind .north          .             4.2185        +INF             .          
7 .wind .south          .             1.3974        +INF             .          
7 .solar.north          .             0.1570        +INF             .          
7 .solar.south          .             0.3852        +INF             .          
8 .base .north          .             6.1669        +INF             .          
8 .base .south          .            27.4657        +INF             .          
8 .peak .north          .             5.0798        +INF            EPS         
8 .peak .south          .             3.2742        +INF             .          
8 .wind .north          .             6.5194        +INF             .          
8 .wind .south          .             2.7948        +INF             .          
8 .solar.north          .             1.4912        +INF             .          
8 .solar.south          .             5.7782        +INF             .          
9 .base .north          .             6.1669        +INF             .          
9 .base .south          .            27.4657        +INF             .          
9 .peak .north          .             2.6129        +INF             .          
9 .peak .south          .              .            +INF          -23.8889      
9 .wind .north          .             9.2039        +INF             .          
9 .wind .south          .             4.1922        +INF             .          
9 .solar.north          .             2.5115        +INF             .          
9 .solar.south          .             8.4747        +INF             .          
10.base .north          .             6.1669        +INF             .          
10.base .south          .            27.4657        +INF             .          
10.peak .north          .             0.3177        +INF            EPS         
10.peak .south          .             0.7358        +INF            EPS         
10.wind .north          .            11.1214        +INF             .          
10.wind .south          .             5.5896        +INF             .          
10.solar.north          .             0.8633        +INF             .          
10.solar.south          .             5.0078        +INF             .          
11.base .north          .             6.1099        +INF             .          
11.base .south          .            27.4657        +INF             .          
11.peak .north          .              .            +INF          -30.0000      
11.peak .south          .             3.2742        +INF             .          
11.wind .north          .             8.4369        +INF             .          
11.wind .south          .             3.4935        +INF             .          
11.solar.north          .              .            +INF             .          
11.solar.south          .              .            +INF             .          
12.base .north          .             6.1669        +INF             .          
12.base .south          .            27.4657        +INF             .          
12.peak .north          .             1.9928        +INF            EPS         
12.peak .south          .             2.1814        +INF            EPS         
12.wind .north          .             6.9029        +INF             .          
12.wind .south          .             2.2708        +INF             .          
12.solar.north          .              .            +INF             .          
12.solar.south          .              .            +INF             .          

---- VAR CAP  

                   LOWER          LEVEL          UPPER         MARGINAL

base .north          .             6.1669        +INF             .          
base .south          .            27.4657        +INF             .          
peak .north          .            16.1519        +INF             .          
peak .south          .             3.2742        +INF             .          
wind .north          .            38.3497        +INF            EPS         
wind .south          .            17.4676        +INF            EPS         
solar.north          .             7.8484        +INF            EPS         
solar.south          .            19.2607        +INF            EPS         


**** REPORT SUMMARY :        0     NONOPT
                             0 INFEASIBLE
                             0  UNBOUNDED
                             0     ERRORS
GAMS 30.3.0  rc5da09e Released Mar  6, 2020 WEX-WEI x86 64bit/MS Windows - 01/27/22 22:53:55 Page 8
G e n e r a l   A l g e b r a i c   M o d e l i n g   S y s t e m
E x e c u t i o n


----    160 VARIABLE WF.L                  =   349407.954  
            PARAMETER consumer_surplus     =   401080.677  
            PARAMETER generation_costs     =    49206.700  
            PARAMETER network_cost         =     2466.022  

----    160 VARIABLE CAP.L  

            north       south

base        6.167      27.466
peak       16.152       3.274
wind       38.350      17.468
solar       7.848      19.261


----    160 VARIABLE GEN.L  

               north       south

1 .base        4.442      18.698
1 .wind       16.490       5.415
2 .base        6.167      24.479
2 .wind        9.204       2.795
2 .solar       1.570       1.541
3 .base        6.167      27.466
3 .wind        7.670       1.747
3 .solar       2.825       5.778
4 .base        6.167      27.466
4 .peak       11.279
4 .wind        7.670       2.620
4 .solar       1.413       1.926
5 .base        6.167      27.466
5 .peak       16.152       3.274
5 .wind        4.602       2.271
6 .base        6.167      27.466
6 .peak       16.152       3.274
6 .wind        2.301       1.397
7 .base        6.167      27.466
7 .peak       16.152       3.274
7 .wind        4.218       1.397
7 .solar       0.157       0.385
8 .base        6.167      27.466
8 .peak        5.080       3.274
8 .wind        6.519       2.795
8 .solar       1.491       5.778
9 .base        6.167      27.466
9 .peak        2.613
9 .wind        9.204       4.192
9 .solar       2.512       8.475
10.base        6.167      27.466
10.peak        0.318       0.736
10.wind       11.121       5.590
10.solar       0.863       5.008
11.base        6.110      27.466
11.peak                    3.274
11.wind        8.437       3.494
12.base        6.167      27.466
12.peak        1.993       2.181
12.wind        6.903       2.271


----    160 PARAMETER price  

         north       south

1       40.000      40.000
2       40.000      40.000
3       55.445      64.924
4       70.000      70.000
5      100.881     100.881
6      186.492     119.238
7       80.995      80.995
8       70.000      70.000
9       70.000      46.111
10      70.000      70.000
11      40.000     131.379
12      70.000      70.000


----    160 PARAMETER load_deviation  

         north       south

1        0.109       0.497
2        0.058       0.557
3       -0.002      -0.435
4       -0.412      -0.397
5       -0.933      -1.675
6       -5.086      -1.197
7       -0.950      -0.483
8       -0.116      -0.694
9       -0.461       0.219
10      -0.239      -0.553
11       0.023      -3.513
12      -0.160      -0.489


----    160 VARIABLE GRID_CAP.L  

            north       south

north                  12.844
south      12.844


----    160 VARIABLE FLOW.L  

               north       south

1 .north                  12.844
1 .south     -12.844
2 .north                  12.602
2 .south     -12.602
3 .north                  12.844
3 .south     -12.844
4 .north                  -3.299
4 .south       3.299
5 .north                   5.474
5 .south      -5.474
6 .north                 -12.844
6 .south      12.844
7 .north                 -12.566
7 .south      12.566
8 .north                  10.854
8 .south     -10.854
9 .north                 -12.844
9 .south      12.844
10.north                   1.198
10.south      -1.198
11.north                  12.844
11.south     -12.844
12.north                   3.473
12.south      -3.473



EXECUTION TIME       =        0.000 SECONDS      3 MB  30.3.0 rc5da09e WEX-WEI


USER: Small MUD - 5 User License                     S190305:0326AO-WIN
      Hertie School of Governance GmbH, Governance of DigitalizaDC14808
      License for teaching and research at degree granting institutions


**** FILE SUMMARY

Input      C:\Users\a.eicke\Documents\Locational-investment-signals\Two node models\nodal.gms
Output     C:\Users\a.eicke\Documents\Locational-investment-signals\Two node models\nodal.lst
