GAMS 35.2.0  r33388c4 Released Jun  2, 2021 WEX-WEI x86 64bit/MS Windows - 03/25/22 07:53:42 Page 1
G e n e r a l   A l g e b r a i c   M o d e l i n g   S y s t e m
C o m p i l a t i o n


   1   
   5   
   7   
   8  *$GDXIN "in.xlsx"
   9  *$LOADdc i_cost
  10   
  11  * ---
  12   
  13   
  14   
  18   
  20   
  21  * ---
  22   
  26   
  28   
  29   
  30   
GAMS 35.2.0  r33388c4 Released Jun  2, 2021 WEX-WEI x86 64bit/MS Windows - 03/25/22 07:53:42 Page 2
G e n e r a l   A l g e b r a i c   M o d e l i n g   S y s t e m
Include File Summary


   SEQ   GLOBAL TYPE      PARENT   LOCAL  FILENAME

     1        1 INPUT          0       0  C:\GitHub\Locational-investment-signals\Three node model\preprocessing.gms
     2        6 CALL           1       6  GDXXRW.exe    "in.xlsx"           @cost.txt
     3       19 CALL           1      19  GDXXRW.exe load.xlsx  @task.txt
     4       27 CALL           1      27  GDXXRW.exe avail.xlsx  @task.txt


COMPILATION TIME     =        4.343 SECONDS      2 MB  35.2.0 r33388c4 WEX-WEI


EXECUTION TIME       =        0.000 SECONDS      2 MB  35.2.0 r33388c4 WEX-WEI


USER: GAMS Community License for Anselm Eicke        G210709|0002AO-GEN
      Hertie School of Governance GmbH                           CL1515
      License for teaching and research at degree granting institutions


**** FILE SUMMARY

Input      C:\GitHub\Locational-investment-signals\Three node model\preprocessing.gms
Output     C:\GitHub\Locational-investment-signals\Three node model\preprocessing.lst
